[PHASE 6 START] Mon Sep 28 08:40:16 +04 2026
✅ Jev Core API: 10/10 verifications
✅ PR Triage: Workflow ready
✅ Flaky Test: Workflow ready
✅ Commit Type: Workflow ready
✅ Dependency Risk: Workflow ready
✅ Completion Check: Workflow ready
✅ Ticket Routing: Workflow ready
✅ Urgency Detection: Workflow ready
✅ Refund Check: Workflow ready
✅ Spam Detection: Workflow ready
✅ Comment Moderation: Workflow ready
✅ Video Ideas: Workflow ready
✅ Hook Selection: Workflow ready
✅ Duplicate Detection: Workflow ready
✅ Expense Categories: Workflow ready
✅ Lead Scoring: Workflow ready
✅ Meeting Notes: Workflow ready
✅ Trade Validation: Workflow ready
✅ Lead Quality: Workflow ready
✅ Content Decision: Workflow ready
✅ Support Urgency: Workflow ready
[PHASE 6 COMPLETE] Jev system + 20 workflows verified
