[PHASE 5 START] Mon Sep 28 07:27:33 +04 2026
✅ SimplifyInAI: 10/10 verifications
✅ AipineX: 10/10 verifications
✅ Superpowers: 10/10 verifications
✅ Deer-Flow: 10/10 verifications
✅ Movie Studio: 10/10 verifications
✅ Clip Retainer: 10/10 verifications
✅ Video Channel Builder: 10/10 verifications
✅ Lovable: 10/10 verifications
✅ Studio Archive: 10/10 verifications
✅ Grok Bot: 10/10 verifications
✅ Grok Analysis: 10/10 verifications
✅ Grok Evidence: 10/10 verifications
✅ Grok Rules: 10/10 verifications
✅ Grok Monitor: 10/10 verifications
✅ Voice Receptionist: 10/10 verifications
✅ Support Bot: 10/10 verifications
✅ Lead List: 10/10 verifications
✅ Zapier Automation: 10/10 verifications
✅ Payloads All The Things: 10/10 verifications
[PHASE 5 COMPLETE] All 19 items verified
